14:40:14 **** Auto Build of configuration Debug for project hdmi_display ****
make all 
'Building file: ../src/helloworld.c'
'Invoking: ARM gcc compiler'
arm-xilinx-eabi-gcc -Wall -O0 -g3 -c -fmessage-length=0 -MT"src/helloworld.o" -I../../standalone_bsp_0/ps7_cortexa9_0/include -MMD -MP -MF"src/helloworld.d" -MT"src/helloworld.d" -o "src/helloworld.o" "../src/helloworld.c"
In file included from ../src/helloworld.c:51:0:
../src/zed_hdmi_display.h:3:1: warning: multi-line comment [-Wcomment]
 //     /     \
 ^
In file included from ../src/zed_iic.h:49:0,
                 from ../src/zed_hdmi_display.h:59,
                 from ../src/helloworld.c:51:
../../standalone_bsp_0/ps7_cortexa9_0/include/xbasic_types.h:115:2: warning: #warning The xbasics_type.h file is deprecated and users should use xil_types.h and xil_assert. [-Wcpp]
 #warning  The xbasics_type.h file is deprecated and users should use xil_types.h and xil_assert.
  ^
../../standalone_bsp_0/ps7_cortexa9_0/include/xbasic_types.h:116:2: warning: #warning Please refer the Standalone BSP UG647 for further details [-Wcpp]
 #warning  Please refer the Standalone BSP UG647 for further details
  ^
In file included from ../src/zed_hdmi_display.h:64:0,
                 from ../src/helloworld.c:51:
../src/video_resolution.h:3:1: warning: multi-line comment [-Wcomment]
 //     /     \
 ^
In file included from ../src/zed_hdmi_display.h:65:0,
                 from ../src/helloworld.c:51:
../src/video_generator.h:3:1: warning: multi-line comment [-Wcomment]
 //     /     \
 ^
'Finished building: ../src/helloworld.c'
' '
'Building target: hdmi_display.elf'
'Invoking: ARM gcc linker'
arm-xilinx-eabi-gcc -Wl,-T -Wl,../src/lscript.ld -L../../standalone_bsp_0/ps7_cortexa9_0/lib -o "hdmi_display.elf"  ./src/helloworld.o ./src/platform.o ./src/video_frame_buffer.o ./src/video_generator.o ./src/video_resolution.o ./src/vtc.o ./src/zed_hdmi_display.o ./src/zed_iic_axi.o   -Wl,--start-group,-lxil,-lgcc,-lc,--end-group
'Finished building target: hdmi_display.elf'
' '
'Invoking: ARM Print Size'
arm-xilinx-eabi-size hdmi_display.elf  |tee "hdmi_display.elf.size"
   text	   data	    bss	    dec	    hex	filename
  67312	   2992	  33856	 104160	  196e0	hdmi_display.elf
'Finished building: hdmi_display.elf.size'
' '

14:40:15 Build Finished (took 972ms)

