16:23:20 **** Auto Build of configuration Debug for project hdmi_display ****
make all 
'Building file: ../src/helloworld.c'
'Invoking: ARM gcc compiler'
arm-xilinx-eabi-gcc -Wall -O0 -g3 -c -fmessage-length=0 -MT"src/helloworld.o" -I../../hdmi_display_bsp/ps7_cortexa9_0/include -MMD -MP -MF"src/helloworld.d" -MT"src/helloworld.d" -o "src/helloworld.o" "../src/helloworld.c"
In file included from ../src/helloworld.c:51:0:
../src/zed_hdmi_display.h:3:1: warning: multi-line comment [-Wcomment]
 //     /     \
 ^
In file included from ../src/zed_iic.h:49:0,
                 from ../src/zed_hdmi_display.h:57,
                 from ../src/helloworld.c:51:
../../hdmi_display_bsp/ps7_cortexa9_0/include/xbasic_types.h:115:2: warning: #warning The xbasics_type.h file is deprecated and users should use xil_types.h and xil_assert. [-Wcpp]
 #warning  The xbasics_type.h file is deprecated and users should use xil_types.h and xil_assert.
  ^
../../hdmi_display_bsp/ps7_cortexa9_0/include/xbasic_types.h:116:2: warning: #warning Please refer the Standalone BSP UG647 for further details [-Wcpp]
 #warning  Please refer the Standalone BSP UG647 for further details
  ^
In file included from ../src/zed_hdmi_display.h:62:0,
                 from ../src/helloworld.c:51:
../src/video_resolution.h:3:1: warning: multi-line comment [-Wcomment]
 //     /     \
 ^
In file included from ../src/zed_hdmi_display.h:63:0,
                 from ../src/helloworld.c:51:
../src/video_generator.h:3:1: warning: multi-line comment [-Wcomment]
 //     /     \
 ^
'Finished building: ../src/helloworld.c'
' '
'Building file: ../src/platform.c'
'Invoking: ARM gcc compiler'
arm-xilinx-eabi-gcc -Wall -O0 -g3 -c -fmessage-length=0 -MT"src/platform.o" -I../../hdmi_display_bsp/ps7_cortexa9_0/include -MMD -MP -MF"src/platform.d" -MT"src/platform.d" -o "src/platform.o" "../src/platform.c"
'Finished building: ../src/platform.c'
' '
'Building file: ../src/video_frame_buffer.c'
'Invoking: ARM gcc compiler'
arm-xilinx-eabi-gcc -Wall -O0 -g3 -c -fmessage-length=0 -MT"src/video_frame_buffer.o" -I../../hdmi_display_bsp/ps7_cortexa9_0/include -MMD -MP -MF"src/video_frame_buffer.d" -MT"src/video_frame_buffer.d" -o "src/video_frame_buffer.o" "../src/video_frame_buffer.c"
In file included from ../src/video_frame_buffer.c:54:0:
../src/video_resolution.h:3:1: warning: multi-line comment [-Wcomment]
 //     /     \
 ^
In file included from ../src/video_resolution.h:51:0,
                 from ../src/video_frame_buffer.c:54:
../../hdmi_display_bsp/ps7_cortexa9_0/include/xbasic_types.h:115:2: warning: #warning The xbasics_type.h file is deprecated and users should use xil_types.h and xil_assert. [-Wcpp]
 #warning  The xbasics_type.h file is deprecated and users should use xil_types.h and xil_assert.
  ^
../../hdmi_display_bsp/ps7_cortexa9_0/include/xbasic_types.h:116:2: warning: #warning Please refer the Standalone BSP UG647 for further details [-Wcpp]
 #warning  Please refer the Standalone BSP UG647 for further details
  ^
../src/video_frame_buffer.c: In function 'vfb_rx_init':
../src/video_frame_buffer.c:92:4: warning: implicit declaration of function 'vfb_rx_setup' [-Wimplicit-function-declaration]
    Status = vfb_rx_setup(pAxiVdma,pWriteCfg,uVideoResolution,uStorageResolution,uMemAddr,uNumFrames);
    ^
../src/video_frame_buffer.c:102:4: warning: implicit declaration of function 'vfb_rx_start' [-Wimplicit-function-declaration]
    Status = vfb_rx_start(pAxiVdma);
    ^
../src/video_frame_buffer.c:89:8: warning: unused variable 'uDMACR' [-Wunused-variable]
    u32 uDMACR;
        ^
../src/video_frame_buffer.c:88:8: warning: unused variable 'uBaseAddr' [-Wunused-variable]
    u32 uBaseAddr;
        ^
../src/video_frame_buffer.c:87:26: warning: unused variable 'FrameCfg' [-Wunused-variable]
    XAxiVdma_FrameCounter FrameCfg;
                          ^
../src/video_frame_buffer.c: In function 'vfb_tx_init':
../src/video_frame_buffer.c:119:4: warning: implicit declaration of function 'vfb_tx_setup' [-Wimplicit-function-declaration]
    Status = vfb_tx_setup(pAxiVdma,pReadCfg,uVideoResolution,uStorageResolution,uMemAddr,uNumFrames);
    ^
../src/video_frame_buffer.c:129:4: warning: implicit declaration of function 'vfb_tx_start' [-Wimplicit-function-declaration]
    Status = vfb_tx_start(pAxiVdma);
    ^
../src/video_frame_buffer.c:116:8: warning: unused variable 'uDMACR' [-Wunused-variable]
    u32 uDMACR;
        ^
../src/video_frame_buffer.c:115:8: warning: unused variable 'uBaseAddr' [-Wunused-variable]
    u32 uBaseAddr;
        ^
../src/video_frame_buffer.c:114:26: warning: unused variable 'FrameCfg' [-Wunused-variable]
    XAxiVdma_FrameCounter FrameCfg;
                          ^
'Finished building: ../src/video_frame_buffer.c'
' '
'Building file: ../src/video_generator.c'
'Invoking: ARM gcc compiler'
arm-xilinx-eabi-gcc -Wall -O0 -g3 -c -fmessage-length=0 -MT"src/video_generator.o" -I../../hdmi_display_bsp/ps7_cortexa9_0/include -MMD -MP -MF"src/video_generator.d" -MT"src/video_generator.d" -o "src/video_generator.o" "../src/video_generator.c"
../src/video_generator.c:3:1: warning: multi-line comment [-Wcomment]
 //     /     \
 ^
In file included from ../src/video_generator.c:47:0:
../src/video_generator.h:3:1: warning: multi-line comment [-Wcomment]
 //     /     \
 ^
In file included from ../src/video_generator.c:48:0:
../src/video_resolution.h:3:1: warning: multi-line comment [-Wcomment]
 //     /     \
 ^
In file included from ../src/video_resolution.h:51:0,
                 from ../src/video_generator.c:48:
../../hdmi_display_bsp/ps7_cortexa9_0/include/xbasic_types.h:115:2: warning: #warning The xbasics_type.h file is deprecated and users should use xil_types.h and xil_assert. [-Wcpp]
 #warning  The xbasics_type.h file is deprecated and users should use xil_types.h and xil_assert.
  ^
../../hdmi_display_bsp/ps7_cortexa9_0/include/xbasic_types.h:116:2: warning: #warning Please refer the Standalone BSP UG647 for further details [-Wcpp]
 #warning  Please refer the Standalone BSP UG647 for further details
  ^
'Finished building: ../src/video_generator.c'
' '
'Building file: ../src/video_resolution.c'
'Invoking: ARM gcc compiler'
arm-xilinx-eabi-gcc -Wall -O0 -g3 -c -fmessage-length=0 -MT"src/video_resolution.o" -I../../hdmi_display_bsp/ps7_cortexa9_0/include -MMD -MP -MF"src/video_resolution.d" -MT"src/video_resolution.d" -o "src/video_resolution.o" "../src/video_resolution.c"
../src/video_resolution.c:3:1: warning: multi-line comment [-Wcomment]
 //     /     \
 ^
In file included from ../src/video_resolution.c:49:0:
../src/video_resolution.h:3:1: warning: multi-line comment [-Wcomment]
 //     /     \
 ^
In file included from ../src/video_resolution.h:51:0,
                 from ../src/video_resolution.c:49:
../../hdmi_display_bsp/ps7_cortexa9_0/include/xbasic_types.h:115:2: warning: #warning The xbasics_type.h file is deprecated and users should use xil_types.h and xil_assert. [-Wcpp]
 #warning  The xbasics_type.h file is deprecated and users should use xil_types.h and xil_assert.
  ^
../../hdmi_display_bsp/ps7_cortexa9_0/include/xbasic_types.h:116:2: warning: #warning Please refer the Standalone BSP UG647 for further details [-Wcpp]
 #warning  Please refer the Standalone BSP UG647 for further details
  ^
'Finished building: ../src/video_resolution.c'
' '
'Building file: ../src/vtc.c'
'Invoking: ARM gcc compiler'
arm-xilinx-eabi-gcc -Wall -O0 -g3 -c -fmessage-length=0 -MT"src/vtc.o" -I../../hdmi_display_bsp/ps7_cortexa9_0/include -MMD -MP -MF"src/vtc.d" -MT"src/vtc.d" -o "src/vtc.o" "../src/vtc.c"
'Finished building: ../src/vtc.c'
' '
'Building file: ../src/zed_hdmi_display.c'
'Invoking: ARM gcc compiler'
arm-xilinx-eabi-gcc -Wall -O0 -g3 -c -fmessage-length=0 -MT"src/zed_hdmi_display.o" -I../../hdmi_display_bsp/ps7_cortexa9_0/include -MMD -MP -MF"src/zed_hdmi_display.d" -MT"src/zed_hdmi_display.d" -o "src/zed_hdmi_display.o" "../src/zed_hdmi_display.c"
../src/zed_hdmi_display.c:3:1: warning: multi-line comment [-Wcomment]
 //     /     \
 ^
In file included from ../src/zed_hdmi_display.c:53:0:
../src/zed_hdmi_display.h:3:1: warning: multi-line comment [-Wcomment]
 //     /     \
 ^
In file included from ../src/zed_iic.h:49:0,
                 from ../src/zed_hdmi_display.h:57,
                 from ../src/zed_hdmi_display.c:53:
../../hdmi_display_bsp/ps7_cortexa9_0/include/xbasic_types.h:115:2: warning: #warning The xbasics_type.h file is deprecated and users should use xil_types.h and xil_assert. [-Wcpp]
 #warning  The xbasics_type.h file is deprecated and users should use xil_types.h and xil_assert.
  ^
../../hdmi_display_bsp/ps7_cortexa9_0/include/xbasic_types.h:116:2: warning: #warning Please refer the Standalone BSP UG647 for further details [-Wcpp]
 #warning  Please refer the Standalone BSP UG647 for further details
  ^
In file included from ../src/zed_hdmi_display.h:62:0,
                 from ../src/zed_hdmi_display.c:53:
../src/video_resolution.h:3:1: warning: multi-line comment [-Wcomment]
 //     /     \
 ^
In file included from ../src/zed_hdmi_display.h:63:0,
                 from ../src/zed_hdmi_display.c:53:
../src/video_generator.h:3:1: warning: multi-line comment [-Wcomment]
 //     /     \
 ^
'Finished building: ../src/zed_hdmi_display.c'
' '
'Building file: ../src/zed_iic_axi.c'
'Invoking: ARM gcc compiler'
arm-xilinx-eabi-gcc -Wall -O0 -g3 -c -fmessage-length=0 -MT"src/zed_iic_axi.o" -I../../hdmi_display_bsp/ps7_cortexa9_0/include -MMD -MP -MF"src/zed_iic_axi.d" -MT"src/zed_iic_axi.d" -o "src/zed_iic_axi.o" "../src/zed_iic_axi.c"
In file included from ../src/zed_iic.h:49:0,
                 from ../src/zed_iic_axi.c:53:
../../hdmi_display_bsp/ps7_cortexa9_0/include/xbasic_types.h:115:2: warning: #warning The xbasics_type.h file is deprecated and users should use xil_types.h and xil_assert. [-Wcpp]
 #warning  The xbasics_type.h file is deprecated and users should use xil_types.h and xil_assert.
  ^
../../hdmi_display_bsp/ps7_cortexa9_0/include/xbasic_types.h:116:2: warning: #warning Please refer the Standalone BSP UG647 for further details [-Wcpp]
 #warning  Please refer the Standalone BSP UG647 for further details
  ^
'Finished building: ../src/zed_iic_axi.c'
' '
'Building target: hdmi_display.elf'
'Invoking: ARM gcc linker'
arm-xilinx-eabi-gcc -Wl,-T -Wl,../src/lscript.ld -L../../hdmi_display_bsp/ps7_cortexa9_0/lib -o "hdmi_display.elf"  ./src/helloworld.o ./src/platform.o ./src/video_frame_buffer.o ./src/video_generator.o ./src/video_resolution.o ./src/vtc.o ./src/zed_hdmi_display.o ./src/zed_iic_axi.o   -Wl,--start-group,-lxil,-lgcc,-lc,--end-group
'Finished building target: hdmi_display.elf'
' '
'Invoking: ARM Print Size'
arm-xilinx-eabi-size hdmi_display.elf  |tee "hdmi_display.elf.size"
   text	   data	    bss	    dec	    hex	filename
  56844	   1960	  28272	  87076	  15424	hdmi_display.elf
'Finished building: hdmi_display.elf.size'
' '

16:23:22 Build Finished (took 1s.833ms)

