16:23:46 **** Auto Build of configuration Debug for project median_filter ****
make all 
'Building file: ../src/helloworld.c'
'Invoking: ARM gcc compiler'
arm-xilinx-eabi-gcc -Wall -O0 -g3 -c -fmessage-length=0 -MT"src/helloworld.o" -I../../hdmi_display_bsp/ps7_cortexa9_0/include -MMD -MP -MF"src/helloworld.d" -MT"src/helloworld.d" -o "src/helloworld.o" "../src/helloworld.c"
'Finished building: ../src/helloworld.c'
' '
'Building target: median_filter.elf'
'Invoking: ARM gcc linker'
arm-xilinx-eabi-gcc -Wl,-T -Wl,../src/lscript.ld -L../../hdmi_display_bsp/ps7_cortexa9_0/lib -o "median_filter.elf"  ./src/helloworld.o ./src/median_filter.o ./src/platform.o   -Wl,--start-group,-lxil,-lgcc,-lc,--end-group
'Finished building target: median_filter.elf'
' '
'Invoking: ARM Print Size'
arm-xilinx-eabi-size median_filter.elf  |tee "median_filter.elf.size"
   text	   data	    bss	    dec	    hex	filename
  31664	   2224	  22676	  56564	   dcf4	median_filter.elf
'Finished building: median_filter.elf.size'
' '

16:23:46 Build Finished (took 398ms)

