17:04:50 **** Auto Build of configuration Debug for project median_filter ****
make all 
'Building file: ../src/helloworld.c'
'Invoking: ARM gcc compiler'
arm-xilinx-eabi-gcc -Wall -O0 -g3 -c -fmessage-length=0 -MT"src/helloworld.o" -I../../standalone_bsp_0/ps7_cortexa9_0/include -MMD -MP -MF"src/helloworld.d" -MT"src/helloworld.d" -o "src/helloworld.o" "../src/helloworld.c"
'Finished building: ../src/helloworld.c'
' '
'Building file: ../src/median_filter.c'
'Invoking: ARM gcc compiler'
arm-xilinx-eabi-gcc -Wall -O0 -g3 -c -fmessage-length=0 -MT"src/median_filter.o" -I../../standalone_bsp_0/ps7_cortexa9_0/include -MMD -MP -MF"src/median_filter.d" -MT"src/median_filter.d" -o "src/median_filter.o" "../src/median_filter.c"
../src/median_filter.c: In function 'median_filter':
../src/median_filter.c:44:5: warning: implicit declaration of function 'malloc' [-Wimplicit-function-declaration]
     unsigned short (*ptrA)[8] = malloc(sizeof(unsigned short)*8);
     ^
../src/median_filter.c:44:33: warning: incompatible implicit declaration of built-in function 'malloc'
     unsigned short (*ptrA)[8] = malloc(sizeof(unsigned short)*8);
                                 ^
'Finished building: ../src/median_filter.c'
' '
'Building file: ../src/platform.c'
'Invoking: ARM gcc compiler'
arm-xilinx-eabi-gcc -Wall -O0 -g3 -c -fmessage-length=0 -MT"src/platform.o" -I../../standalone_bsp_0/ps7_cortexa9_0/include -MMD -MP -MF"src/platform.d" -MT"src/platform.d" -o "src/platform.o" "../src/platform.c"
'Finished building: ../src/platform.c'
' '
'Building target: median_filter.elf'
'Invoking: ARM gcc linker'
arm-xilinx-eabi-gcc -Wl,-T -Wl,../src/lscript.ld -L../../standalone_bsp_0/ps7_cortexa9_0/lib -o "median_filter.elf"  ./src/helloworld.o ./src/median_filter.o ./src/platform.o   -Wl,--start-group,-lxil,-lgcc,-lc,--end-group
'Finished building target: median_filter.elf'
' '
'Invoking: ARM Print Size'
arm-xilinx-eabi-size median_filter.elf  |tee "median_filter.elf.size"
   text	   data	    bss	    dec	    hex	filename
  31664	   2224	  22676	  56564	   dcf4	median_filter.elf
'Finished building: median_filter.elf.size'
' '

17:04:51 Build Finished (took 1s.379ms)

